10:52:50 **** Incremental Build of configuration Debug for project rfid ****
make -j4 all 
arm-none-eabi-gcc "../Core/Src/MFRC522.c" -mcpu=cortex-m4 -std=gnu11 -g3 -DDEBUG -DUSE_HAL_DRIVER -DSTM32F446xx -c -I../Core/Inc -I../Drivers/STM32F4xx_HAL_Driver/Inc -I../Drivers/STM32F4xx_HAL_Driver/Inc/Legacy -I../Drivers/CMSIS/Device/ST/STM32F4xx/Include -I../Drivers/CMSIS/Include -O0 -ffunction-sections -fdata-sections -Wall -fstack-usage -fcyclomatic-complexity -MMD -MP -MF"Core/Src/MFRC522.d" -MT"Core/Src/MFRC522.o" --specs=nano.specs -mfpu=fpv4-sp-d16 -mfloat-abi=hard -mthumb -o "Core/Src/MFRC522.o"
arm-none-eabi-gcc "../Core/Src/main.c" -mcpu=cortex-m4 -std=gnu11 -g3 -DDEBUG -DUSE_HAL_DRIVER -DSTM32F446xx -c -I../Core/Inc -I../Drivers/STM32F4xx_HAL_Driver/Inc -I../Drivers/STM32F4xx_HAL_Driver/Inc/Legacy -I../Drivers/CMSIS/Device/ST/STM32F4xx/Include -I../Drivers/CMSIS/Include -O0 -ffunction-sections -fdata-sections -Wall -fstack-usage -fcyclomatic-complexity -MMD -MP -MF"Core/Src/main.d" -MT"Core/Src/main.o" --specs=nano.specs -mfpu=fpv4-sp-d16 -mfloat-abi=hard -mthumb -o "Core/Src/main.o"
In file included from ../Core/Src/main.c:2:
../Core/Inc/MFRC522.h:113:1: warning: parameter names (without types) in function declaration
  113 | void Write_MFRC522(u_char, u_char);
      | ^~~~
../Core/Inc/MFRC522.h:114:1: error: unknown type name 'u_char'; did you mean 'char'?
  114 | u_char Read_MFRC522(u_char);
      | ^~~~~~
      | char
../Core/Inc/MFRC522.h:114:1: warning: parameter names (without types) in function declaration
../Core/Inc/MFRC522.h:115:1: warning: parameter names (without types) in function declaration
  115 | void SetBitMask(u_char, u_char);
      | ^~~~
../Core/Inc/MFRC522.h:116:1: warning: parameter names (without types) in function declaration
  116 | void ClearBitMask(u_char, u_char);
      | ^~~~
../Core/Inc/MFRC522.h:121:1: error: unknown type name 'u_char'; did you mean 'char'?
  121 | u_char MFRC522_Request(u_char, u_char*);
      | ^~~~~~
      | char
../Core/Inc/MFRC522.h:121:38: error: expected ')' before '*' token
  121 | u_char MFRC522_Request(u_char, u_char*);
      |                                      ^
      |                                      )
../Core/Inc/MFRC522.h:122:1: error: unknown type name 'u_char'; did you mean 'char'?
  122 | u_char MFRC522_ToCard(u_char, u_char*, u_char, u_char*, uint*);
      | ^~~~~~
      | char
../Core/Inc/MFRC522.h:122:37: error: expected ')' before '*' token
  122 | u_char MFRC522_ToCard(u_char, u_char*, u_char, u_char*, uint*);
      |                                     ^
      |                                     )
../Core/Inc/MFRC522.h:123:1: error: unknown type name 'u_char'; did you mean 'char'?
  123 | u_char MFRC522_Anticoll(u_char*);
      | ^~~~~~
      | char
../Core/Inc/MFRC522.h:123:25: error: unknown type name 'u_char'; did you mean 'char'?
  123 | u_char MFRC522_Anticoll(u_char*);
      |                         ^~~~~~
      |                         char
../Core/Inc/MFRC522.h:124:18: error: unknown type name 'u_char'; did you mean 'char'?
  124 | void CalulateCRC(u_char*, u_char, u_char*);
      |                  ^~~~~~
      |                  char
../Core/Inc/MFRC522.h:124:27: error: unknown type name 'u_char'; did you mean 'char'?
  124 | void CalulateCRC(u_char*, u_char, u_char*);
      |                           ^~~~~~
      |                           char
../Core/Inc/MFRC522.h:124:35: error: unknown type name 'u_char'; did you mean 'char'?
  124 | void CalulateCRC(u_char*, u_char, u_char*);
      |                                   ^~~~~~
      |                                   char
../Core/Inc/MFRC522.h:125:1: error: unknown type name 'u_char'; did you mean 'char'?
  125 | u_char MFRC522_SelectTag(u_char*);
      | ^~~~~~
      | char
../Core/Inc/MFRC522.h:125:26: error: unknown type name 'u_char'; did you mean 'char'?
  125 | u_char MFRC522_SelectTag(u_char*);
      |                          ^~~~~~
      |                          char
../Core/Inc/MFRC522.h:126:1: error: unknown type name 'u_char'; did you mean 'char'?
  126 | u_char MFRC522_Auth(u_char, u_char, u_char*, u_char*);
      | ^~~~~~
      | char
../Core/Inc/MFRC522.h:126:43: error: expected ')' before '*' token
  126 | u_char MFRC522_Auth(u_char, u_char, u_char*, u_char*);
      |                                           ^
      |                                           )
../Core/Inc/MFRC522.h:127:1: error: unknown type name 'u_char'; did you mean 'char'?
  127 | u_char MFRC522_Read(u_char, u_char*);
      | ^~~~~~
      | char
../Core/Inc/MFRC522.h:127:35: error: expected ')' before '*' token
  127 | u_char MFRC522_Read(u_char, u_char*);
      |                                   ^
      |                                   )
../Core/Inc/MFRC522.h:128:1: error: unknown type name 'u_char'; did you mean 'char'?
  128 | u_char MFRC522_Write(u_char, u_char*);
      | ^~~~~~
      | char
../Core/Inc/MFRC522.h:128:36: error: expected ')' before '*' token
  128 | u_char MFRC522_Write(u_char, u_char*);
      |                                    ^
      |                                    )
In file included from ../Core/Src/MFRC522.c:6:
../Core/Inc/MFRC522.h:113:1: warning: parameter names (without types) in function declaration
  113 | void Write_MFRC522(u_char, u_char);
      | ^~~~
../Core/Inc/MFRC522.h:114:1: error: unknown type name 'u_char'; did you mean 'char'?
  114 | u_char Read_MFRC522(u_char);
      | ^~~~~~
      | char
../Core/Inc/MFRC522.h:114:1: warning: parameter names (without types) in function declaration
../Core/Inc/MFRC522.h:115:1: warning: parameter names (without types) in function declaration
  115 | void SetBitMask(u_char, u_char);
      | ^~~~
../Core/Inc/MFRC522.h:116:1: warning: parameter names (without types) in function declaration
  116 | void ClearBitMask(u_char, u_char);
      | ^~~~
../Core/Inc/MFRC522.h:121:1: error: unknown type name 'u_char'; did you mean 'char'?
  121 | u_char MFRC522_Request(u_char, u_char*);
      | ^~~~~~
      | char
../Core/Inc/MFRC522.h:121:38: error: expected ')' before '*' token
  121 | u_char MFRC522_Request(u_char, u_char*);
      |                                      ^
      |                                      )
../Core/Inc/MFRC522.h:122:1: error: unknown type name 'u_char'; did you mean 'char'?
  122 | u_char MFRC522_ToCard(u_char, u_char*, u_char, u_char*, uint*);
      | ^~~~~~
      | char
../Core/Inc/MFRC522.h:122:37: error: expected ')' before '*' token
  122 | u_char MFRC522_ToCard(u_char, u_char*, u_char, u_char*, uint*);
      |                                     ^
      |                                     )
../Core/Inc/MFRC522.h:123:1: error: unknown type name 'u_char'; did you mean 'char'?
  123 | u_char MFRC522_Anticoll(u_char*);
      | ^~~~~~
      | char
../Core/Inc/MFRC522.h:123:25: error: unknown type name 'u_char'; did you mean 'char'?
  123 | u_char MFRC522_Anticoll(u_char*);
      |                         ^~~~~~
      |                         char
../Core/Inc/MFRC522.h:124:18: error: unknown type name 'u_char'; did you mean 'char'?
  124 | void CalulateCRC(u_char*, u_char, u_char*);
      |                  ^~~~~~
      |                  char
../Core/Inc/MFRC522.h:124:27: error: unknown type name 'u_char'; did you mean 'char'?
  124 | void CalulateCRC(u_char*, u_char, u_char*);
      |                           ^~~~~~
      |                           char
../Core/Inc/MFRC522.h:124:35: error: unknown type name 'u_char'; did you mean 'char'?
  124 | void CalulateCRC(u_char*, u_char, u_char*);
      |                                   ^~~~~~
      |                                   char
../Core/Inc/MFRC522.h:125:1: error: unknown type name 'u_char'; did you mean 'char'?
  125 | u_char MFRC522_SelectTag(u_char*);
      | ^~~~~~
      | char
../Core/Inc/MFRC522.h:125:26: error: unknown type name 'u_char'; did you mean 'char'?
  125 | u_char MFRC522_SelectTag(u_char*);
      |                          ^~~~~~
      |                          char
../Core/Inc/MFRC522.h:126:1: error: unknown type name 'u_char'; did you mean 'char'?
  126 | u_char MFRC522_Auth(u_char, u_char, u_char*, u_char*);
      | ^~~~~~
      | char
../Core/Inc/MFRC522.h:126:43: error: expected ')' before '*' token
  126 | u_char MFRC522_Auth(u_char, u_char, u_char*, u_char*);
      |                                           ^
      |                                           )
../Core/Src/main.c: In function 'main':
../Core/Src/main.c:35:5: warning: implicit declaration of function 'MFRC522_Check' [-Wimplicit-function-declaration]
   35 | if (MFRC522_Check(rfidID) == MI_OK) {
      |     ^~~~~~~~~~~~~
../Core/Inc/MFRC522.h:127:1: error: unknown type name 'u_char'; did you mean 'char'?
  127 | u_char MFRC522_Read(u_char, u_char*);
      | ^~~~~~
      | char
../Core/Inc/MFRC522.h:127:35: error: expected ')' before '*' token
  127 | u_char MFRC522_Read(u_char, u_char*);
      |                                   ^
      |                                   )
../Core/Inc/MFRC522.h:128:1: error: unknown type name 'u_char'; did you mean 'char'?
  128 | u_char MFRC522_Write(u_char, u_char*);
      | ^~~~~~
      | char
../Core/Inc/MFRC522.h:128:36: error: expected ')' before '*' token
  128 | u_char MFRC522_Write(u_char, u_char*);
      |                                    ^
      |                                    )
../Core/Src/MFRC522.c:14:6: error: conflicting types for 'Write_MFRC522'; have 'void(char,  char)'
   14 | void Write_MFRC522(char addr, char val) {
      |      ^~~~~~~~~~~~~
../Core/Src/MFRC522.c:14:1: note: an argument type that has a default promotion cannot match an empty parameter name list declaration
   14 | void Write_MFRC522(char addr, char val) {
      | ^~~~
../Core/Inc/MFRC522.h:113:6: note: previous declaration of 'Write_MFRC522' with type 'void()'
  113 | void Write_MFRC522(u_char, u_char);
      |      ^~~~~~~~~~~~~
make: *** [Core/Src/subdir.mk:37: Core/Src/main.o] Error 1
make: *** Waiting for unfinished jobs....
../Core/Src/MFRC522.c: In function 'Write_MFRC522':
../Core/Src/MFRC522.c:20:21: error: 'RC522_CS_GPIO_Port' undeclared (first use in this function)
   20 |   HAL_GPIO_WritePin(RC522_CS_GPIO_Port, RC522_CS_Pin, GPIO_PIN_RESET);
      |                     ^~~~~~~~~~~~~~~~~~
../Core/Src/MFRC522.c:20:21: note: each undeclared identifier is reported only once for each function it appears in
../Core/Src/MFRC522.c:20:41: error: 'RC522_CS_Pin' undeclared (first use in this function)
   20 |   HAL_GPIO_WritePin(RC522_CS_GPIO_Port, RC522_CS_Pin, GPIO_PIN_RESET);
      |                                         ^~~~~~~~~~~~
../Core/Src/MFRC522.c:30:21: error: 'hspi2' undeclared (first use in this function)
   30 |   HAL_SPI_Transmit(&hspi2, &addr_bits, 1, 500);
      |                     ^~~~~
../Core/Src/MFRC522.c:30:28: warning: pointer targets in passing argument 2 of 'HAL_SPI_Transmit' differ in signedness [-Wpointer-sign]
   30 |   HAL_SPI_Transmit(&hspi2, &addr_bits, 1, 500);
      |                            ^~~~~~~~~~
      |                            |
      |                            char *
In file included from ../Core/Inc/stm32f4xx_hal_conf.h:403,
                 from ../Drivers/STM32F4xx_HAL_Driver/Inc/stm32f4xx_hal.h:29,
                 from ../Core/Inc/main.h:30,
                 from ../Core/Inc/MFRC522.h:4:
../Drivers/STM32F4xx_HAL_Driver/Inc/stm32f4xx_hal_spi.h:670:76: note: expected 'const uint8_t *' {aka 'const unsigned char *'} but argument is of type 'char *'
  670 | HAL_StatusTypeDef HAL_SPI_Transmit(SPI_HandleTypeDef *hspi, const uint8_t *pData, uint16_t Size, uint32_t Timeout);
      |                                                             ~~~~~~~~~~~~~~~^~~~~
../Core/Src/MFRC522.c:31:28: warning: pointer targets in passing argument 2 of 'HAL_SPI_Transmit' differ in signedness [-Wpointer-sign]
   31 |   HAL_SPI_Transmit(&hspi2, &val, 1, 500);
      |                            ^~~~
      |                            |
      |                            char *
../Drivers/STM32F4xx_HAL_Driver/Inc/stm32f4xx_hal_spi.h:670:76: note: expected 'const uint8_t *' {aka 'const unsigned char *'} but argument is of type 'char *'
  670 | HAL_StatusTypeDef HAL_SPI_Transmit(SPI_HandleTypeDef *hspi, const uint8_t *pData, uint16_t Size, uint32_t Timeout);
      |                                                             ~~~~~~~~~~~~~~~^~~~~
../Core/Src/MFRC522.c: At top level:
../Core/Src/MFRC522.c:47:6: error: conflicting types for 'Read_MFRC522'; have 'char(char)'
   47 | char Read_MFRC522(char addr) {
      |      ^~~~~~~~~~~~
../Core/Inc/MFRC522.h:114:8: note: previous declaration of 'Read_MFRC522' with type 'int()'
  114 | u_char Read_MFRC522(u_char);
      |        ^~~~~~~~~~~~
../Core/Src/MFRC522.c: In function 'Read_MFRC522':
../Core/Src/MFRC522.c:54:21: error: 'RC522_CS_GPIO_Port' undeclared (first use in this function)
   54 |   HAL_GPIO_WritePin(RC522_CS_GPIO_Port, RC522_CS_Pin, GPIO_PIN_RESET);
      |                     ^~~~~~~~~~~~~~~~~~
../Core/Src/MFRC522.c:54:41: error: 'RC522_CS_Pin' undeclared (first use in this function)
   54 |   HAL_GPIO_WritePin(RC522_CS_GPIO_Port, RC522_CS_Pin, GPIO_PIN_RESET);
      |                                         ^~~~~~~~~~~~
../Core/Src/MFRC522.c:65:19: error: 'hspi2' undeclared (first use in this function)
   65 | HAL_SPI_Transmit(&hspi2, &addr_bits, 1, 500);
      |                   ^~~~~
../Core/Src/MFRC522.c:65:26: warning: pointer targets in passing argument 2 of 'HAL_SPI_Transmit' differ in signedness [-Wpointer-sign]
   65 | HAL_SPI_Transmit(&hspi2, &addr_bits, 1, 500);
      |                          ^~~~~~~~~~
      |                          |
      |                          char *
../Drivers/STM32F4xx_HAL_Driver/Inc/stm32f4xx_hal_spi.h:670:76: note: expected 'const uint8_t *' {aka 'const unsigned char *'} but argument is of type 'char *'
  670 | HAL_StatusTypeDef HAL_SPI_Transmit(SPI_HandleTypeDef *hspi, const uint8_t *pData, uint16_t Size, uint32_t Timeout);
      |                                                             ~~~~~~~~~~~~~~~^~~~~
../Core/Src/MFRC522.c:67:27: warning: pointer targets in passing argument 2 of 'HAL_SPI_Receive' differ in signedness [-Wpointer-sign]
   67 |   HAL_SPI_Receive(&hspi2, &rx_bits, 1, 500);
      |                           ^~~~~~~~
      |                           |
      |                           char *
../Drivers/STM32F4xx_HAL_Driver/Inc/stm32f4xx_hal_spi.h:671:69: note: expected 'uint8_t *' {aka 'unsigned char *'} but argument is of type 'char *'
  671 | HAL_StatusTypeDef HAL_SPI_Receive(SPI_HandleTypeDef *hspi, uint8_t *pData, uint16_t Size, uint32_t Timeout);
      |                                                            ~~~~~~~~~^~~~~
../Core/Src/MFRC522.c: At top level:
../Core/Src/MFRC522.c:85:6: error: conflicting types for 'SetBitMask'; have 'void(char,  char)'
   85 | void SetBitMask(char reg, char mask)
      |      ^~~~~~~~~~
../Core/Src/MFRC522.c:86:1: note: an argument type that has a default promotion cannot match an empty parameter name list declaration
   86 | {
      | ^
../Core/Inc/MFRC522.h:115:6: note: previous declaration of 'SetBitMask' with type 'void()'
  115 | void SetBitMask(u_char, u_char);
      |      ^~~~~~~~~~
../Core/Src/MFRC522.c:98:6: error: conflicting types for 'ClearBitMask'; have 'void(char,  char)'
   98 | void ClearBitMask(char reg, char mask)
      |      ^~~~~~~~~~~~
../Core/Src/MFRC522.c:99:1: note: an argument type that has a default promotion cannot match an empty parameter name list declaration
   99 | {
      | ^
../Core/Inc/MFRC522.h:116:6: note: previous declaration of 'ClearBitMask' with type 'void()'
  116 | void ClearBitMask(u_char, u_char);
      |      ^~~~~~~~~~~~
../Core/Src/MFRC522.c: In function 'MFRC522_Request':
../Core/Src/MFRC522.c:189:12: warning: implicit declaration of function 'MFRC522_ToCard'; did you mean 'MFRC522_Halt'? [-Wimplicit-function-declaration]
  189 |   status = MFRC522_ToCard(PCD_TRANSCEIVE, TagType, 1, TagType, &backBits);
      |            ^~~~~~~~~~~~~~
      |            MFRC522_Halt
../Core/Src/MFRC522.c: At top level:
../Core/Src/MFRC522.c:208:6: error: conflicting types for 'MFRC522_ToCard'; have 'char(char,  char *, char,  char *, uint8_t *)' {aka 'char(char,  char *, char,  char *, unsigned char *)'}
  208 | char MFRC522_ToCard(char command, char *sendData, char sendLen, char *backData, uint8_t *backLen)
      |      ^~~~~~~~~~~~~~
../Core/Src/MFRC522.c:189:12: note: previous implicit declaration of 'MFRC522_ToCard' with type 'int()'
  189 |   status = MFRC522_ToCard(PCD_TRANSCEIVE, TagType, 1, TagType, &backBits);
      |            ^~~~~~~~~~~~~~
../Core/Src/MFRC522.c: In function 'MFRC522_ToCard':
../Core/Src/MFRC522.c:255:7: warning: unsigned conversion from 'int' to 'uint8_t' {aka 'unsigned char'} changes value from '2000' to '208' [-Woverflow]
  255 |   i = 2000;     // i according to the clock frequency adjustment, the operator M1 card maximum waiting time 25ms
      |       ^~~~
../Core/Src/MFRC522.c: In function 'MFRC522_Anticoll':
../Core/Src/MFRC522.c:348:28: warning: array subscript has type 'char' [-Wchar-subscripts]
  348 |       serNumCheck ^= serNum[i];
      |                            ^
../Core/Src/MFRC522.c:350:30: warning: array subscript has type 'char' [-Wchar-subscripts]
  350 |     if (serNumCheck != serNum[i])
      |                              ^
../Core/Src/MFRC522.c: In function 'MFRC522_Read':
../Core/Src/MFRC522.c:377:3: warning: implicit declaration of function 'CalulateCRC' [-Wimplicit-function-declaration]
  377 |   CalulateCRC(recvData,2, &recvData[2]);
      |   ^~~~~~~~~~~
../Core/Src/MFRC522.c: In function 'MFRC522_Write':
../Core/Src/MFRC522.c:416:11: warning: array subscript has type 'char' [-Wchar-subscripts]
  416 |       buff[i] = *(writeData+i);
      |           ^
../Core/Src/MFRC522.c: At top level:
../Core/Src/MFRC522.c:436:6: warning: conflicting types for 'CalulateCRC'; have 'void(char *, char,  char *)'
  436 | void CalulateCRC(char *pIndata, char len, char *pOutData)
      |      ^~~~~~~~~~~
../Core/Src/MFRC522.c:377:3: note: previous implicit declaration of 'CalulateCRC' with type 'void(char *, char,  char *)'
  377 |   CalulateCRC(recvData,2, &recvData[2]);
      |   ^~~~~~~~~~~
../Core/Src/MFRC522.c: In function 'MFRC522_Halt':
../Core/Src/MFRC522.c:552:8: warning: variable 'status' set but not used [-Wunused-but-set-variable]
  552 |   char status;
      |        ^~~~~~
make: *** [Core/Src/subdir.mk:37: Core/Src/MFRC522.o] Error 1
"make -j4 all" terminated with exit code 2. Build might be incomplete.
10:54:15 **** Clean-only build of configuration Debug for project RFID_RC522 ****
make -j4 clean 
rm -rf ./Drivers/STM32F4xx_HAL_Driver/Src/stm32f4xx_hal.d ./Drivers/STM32F4xx_HAL_Driver/Src/stm32f4xx_hal.o ./Drivers/STM32F4xx_HAL_Driver/Src/stm32f4xx_hal.su ./Drivers/STM32F4xx_HAL_Driver/Src/stm32f4xx_hal_cortex.d ./Drivers/STM32F4xx_HAL_Driver/Src/stm32f4xx_hal_cortex.o ./Drivers/STM32F4xx_HAL_Driver/Src/stm32f4xx_hal_cortex.su ./Drivers/STM32F4xx_HAL_Driver/Src/stm32f4xx_hal_dma.d ./Drivers/STM32F4xx_HAL_Driver/Src/stm32f4xx_hal_dma.o ./Drivers/STM32F4xx_HAL_Driver/Src/stm32f4xx_hal_dma.su ./Drivers/STM32F4xx_HAL_Driver/Src/stm32f4xx_hal_dma_ex.d ./Drivers/STM32F4xx_HAL_Driver/Src/stm32f4xx_hal_dma_ex.o ./Drivers/STM32F4xx_HAL_Driver/Src/stm32f4xx_hal_dma_ex.su ./Drivers/STM32F4xx_HAL_Driver/Src/stm32f4xx_hal_exti.d ./Drivers/STM32F4xx_HAL_Driver/Src/stm32f4xx_hal_exti.o ./Drivers/STM32F4xx_HAL_Driver/Src/stm32f4xx_hal_exti.su ./Drivers/STM32F4xx_HAL_Driver/Src/stm32f4xx_hal_flash.d ./Drivers/STM32F4xx_HAL_Driver/Src/stm32f4xx_hal_flash.o ./Drivers/STM32F4xx_HAL_Driver/Src/stm32f4xx_hal_flash.su ./Drivers/STM32F4xx_HAL_Driver/Src/stm32f4xx_hal_flash_ex.d ./Drivers/STM32F4xx_HAL_Driver/Src/stm32f4xx_hal_flash_ex.o ./Drivers/STM32F4xx_HAL_Driver/Src/stm32f4xx_hal_flash_ex.su ./Drivers/STM32F4xx_HAL_Driver/Src/stm32f4xx_hal_flash_ramfunc.d ./Drivers/STM32F4xx_HAL_Driver/Src/stm32f4xx_hal_flash_ramfunc.o ./Drivers/STM32F4xx_HAL_Driver/Src/stm32f4xx_hal_flash_ramfunc.su ./Drivers/STM32F4xx_HAL_Driver/Src/stm32f4xx_hal_gpio.d ./Drivers/STM32F4xx_HAL_Driver/Src/stm32f4xx_hal_gpio.o ./Drivers/STM32F4xx_HAL_Driver/Src/stm32f4xx_hal_gpio.su ./Drivers/STM32F4xx_HAL_Driver/Src/stm32f4xx_hal_pwr.d ./Drivers/STM32F4xx_HAL_Driver/Src/stm32f4xx_hal_pwr.o ./Drivers/STM32F4xx_HAL_Driver/Src/stm32f4xx_hal_pwr.su ./Drivers/STM32F4xx_HAL_Driver/Src/stm32f4xx_hal_pwr_ex.d ./Drivers/STM32F4xx_HAL_Driver/Src/stm32f4xx_hal_pwr_ex.o ./Drivers/STM32F4xx_HAL_Driver/Src/stm32f4xx_hal_pwr_ex.su ./Drivers/STM32F4xx_HAL_Driver/Src/stm32f4xx_hal_rcc.d ./Drivers/STM32F4xx_HAL_Driver/Src/stm32f4xx_hal_rcc.o ./Drivers/STM32F4xx_HAL_Driver/Src/stm32f4xx_hal_rcc.su ./Drivers/STM32F4xx_HAL_Driver/Src/stm32f4xx_hal_rcc_ex.d ./Drivers/STM32F4xx_HAL_Driver/Src/stm32f4xx_hal_rcc_ex.o ./Drivers/STM32F4xx_HAL_Driver/Src/stm32f4xx_hal_rcc_ex.su
rm -rf ./Core/Startup/startup_stm32f411retx.d ./Core/Startup/startup_stm32f411retx.o
rm -rf ./Core/Src/LiquidCrystal_PCF8574.d ./Core/Src/LiquidCrystal_PCF8574.o ./Core/Src/LiquidCrystal_PCF8574.su ./Core/Src/RFID.d ./Core/Src/RFID.o ./Core/Src/RFID.su ./Core/Src/delay.d ./Core/Src/delay.o ./Core/Src/delay.su ./Core/Src/i2c.d ./Core/Src/i2c.o ./Core/Src/i2c.su ./Core/Src/main.d ./Core/Src/main.o ./Core/Src/main.su ./Core/Src/spi.d ./Core/Src/spi.o ./Core/Src/spi.su ./Core/Src/stm32f4xx_hal_msp.d ./Core/Src/stm32f4xx_hal_msp.o ./Core/Src/stm32f4xx_hal_msp.su ./Core/Src/stm32f4xx_it.d ./Core/Src/stm32f4xx_it.o ./Core/Src/stm32f4xx_it.su ./Core/Src/syscalls.d ./Core/Src/syscalls.o ./Core/Src/syscalls.su ./Core/Src/sysmem.d ./Core/Src/sysmem.o ./Core/Src/sysmem.su ./Core/Src/system_stm32f4xx.d ./Core/Src/system_stm32f4xx.o ./Core/Src/system_stm32f4xx.su
rm -rf RFID_RC522.elf RFID_RC522.list RFID_RC522.map default.size.stdout
 
10:54:20 **** Build of configuration Debug for project RFID_RC522 ****
make -j4 all 
arm-none-eabi-gcc "../Drivers/STM32F4xx_HAL_Driver/Src/stm32f4xx_hal.c" -mcpu=cortex-m4 -std=gnu11 -g3 -DDEBUG -DUSE_HAL_DRIVER -DSTM32F411xE -c -I../Core/Inc -I../Drivers/STM32F4xx_HAL_Driver/Inc -I../Drivers/STM32F4xx_HAL_Driver/Inc/Legacy -I../Drivers/CMSIS/Device/ST/STM32F4xx/Include -I../Drivers/CMSIS/Include -O0 -ffunction-sections -fdata-sections -Wall -fstack-usage -fcyclomatic-complexity -MMD -MP -MF"Drivers/STM32F4xx_HAL_Driver/Src/stm32f4xx_hal.d" -MT"Drivers/STM32F4xx_HAL_Driver/Src/stm32f4xx_hal.o" --specs=nano.specs -mfpu=fpv4-sp-d16 -mfloat-abi=hard -mthumb -o "Drivers/STM32F4xx_HAL_Driver/Src/stm32f4xx_hal.o"
arm-none-eabi-gcc "../Drivers/STM32F4xx_HAL_Driver/Src/stm32f4xx_hal_cortex.c" -mcpu=cortex-m4 -std=gnu11 -g3 -DDEBUG -DUSE_HAL_DRIVER -DSTM32F411xE -c -I../Core/Inc -I../Drivers/STM32F4xx_HAL_Driver/Inc -I../Drivers/STM32F4xx_HAL_Driver/Inc/Legacy -I../Drivers/CMSIS/Device/ST/STM32F4xx/Include -I../Drivers/CMSIS/Include -O0 -ffunction-sections -fdata-sections -Wall -fstack-usage -fcyclomatic-complexity -MMD -MP -MF"Drivers/STM32F4xx_HAL_Driver/Src/stm32f4xx_hal_cortex.d" -MT"Drivers/STM32F4xx_HAL_Driver/Src/stm32f4xx_hal_cortex.o" --specs=nano.specs -mfpu=fpv4-sp-d16 -mfloat-abi=hard -mthumb -o "Drivers/STM32F4xx_HAL_Driver/Src/stm32f4xx_hal_cortex.o"
arm-none-eabi-gcc "../Drivers/STM32F4xx_HAL_Driver/Src/stm32f4xx_hal_dma.c" -mcpu=cortex-m4 -std=gnu11 -g3 -DDEBUG -DUSE_HAL_DRIVER -DSTM32F411xE -c -I../Core/Inc -I../Drivers/STM32F4xx_HAL_Driver/Inc -I../Drivers/STM32F4xx_HAL_Driver/Inc/Legacy -I../Drivers/CMSIS/Device/ST/STM32F4xx/Include -I../Drivers/CMSIS/Include -O0 -ffunction-sections -fdata-sections -Wall -fstack-usage -fcyclomatic-complexity -MMD -MP -MF"Drivers/STM32F4xx_HAL_Driver/Src/stm32f4xx_hal_dma.d" -MT"Drivers/STM32F4xx_HAL_Driver/Src/stm32f4xx_hal_dma.o" --specs=nano.specs -mfpu=fpv4-sp-d16 -mfloat-abi=hard -mthumb -o "Drivers/STM32F4xx_HAL_Driver/Src/stm32f4xx_hal_dma.o"
arm-none-eabi-gcc "../Drivers/STM32F4xx_HAL_Driver/Src/stm32f4xx_hal_dma_ex.c" -mcpu=cortex-m4 -std=gnu11 -g3 -DDEBUG -DUSE_HAL_DRIVER -DSTM32F411xE -c -I../Core/Inc -I../Drivers/STM32F4xx_HAL_Driver/Inc -I../Drivers/STM32F4xx_HAL_Driver/Inc/Legacy -I../Drivers/CMSIS/Device/ST/STM32F4xx/Include -I../Drivers/CMSIS/Include -O0 -ffunction-sections -fdata-sections -Wall -fstack-usage -fcyclomatic-complexity -MMD -MP -MF"Drivers/STM32F4xx_HAL_Driver/Src/stm32f4xx_hal_dma_ex.d" -MT"Drivers/STM32F4xx_HAL_Driver/Src/stm32f4xx_hal_dma_ex.o" --specs=nano.specs -mfpu=fpv4-sp-d16 -mfloat-abi=hard -mthumb -o "Drivers/STM32F4xx_HAL_Driver/Src/stm32f4xx_hal_dma_ex.o"
arm-none-eabi-gcc "../Drivers/STM32F4xx_HAL_Driver/Src/stm32f4xx_hal_exti.c" -mcpu=cortex-m4 -std=gnu11 -g3 -DDEBUG -DUSE_HAL_DRIVER -DSTM32F411xE -c -I../Core/Inc -I../Drivers/STM32F4xx_HAL_Driver/Inc -I../Drivers/STM32F4xx_HAL_Driver/Inc/Legacy -I../Drivers/CMSIS/Device/ST/STM32F4xx/Include -I../Drivers/CMSIS/Include -O0 -ffunction-sections -fdata-sections -Wall -fstack-usage -fcyclomatic-complexity -MMD -MP -MF"Drivers/STM32F4xx_HAL_Driver/Src/stm32f4xx_hal_exti.d" -MT"Drivers/STM32F4xx_HAL_Driver/Src/stm32f4xx_hal_exti.o" --specs=nano.specs -mfpu=fpv4-sp-d16 -mfloat-abi=hard -mthumb -o "Drivers/STM32F4xx_HAL_Driver/Src/stm32f4xx_hal_exti.o"
arm-none-eabi-gcc "../Drivers/STM32F4xx_HAL_Driver/Src/stm32f4xx_hal_flash.c" -mcpu=cortex-m4 -std=gnu11 -g3 -DDEBUG -DUSE_HAL_DRIVER -DSTM32F411xE -c -I../Core/Inc -I../Drivers/STM32F4xx_HAL_Driver/Inc -I../Drivers/STM32F4xx_HAL_Driver/Inc/Legacy -I../Drivers/CMSIS/Device/ST/STM32F4xx/Include -I../Drivers/CMSIS/Include -O0 -ffunction-sections -fdata-sections -Wall -fstack-usage -fcyclomatic-complexity -MMD -MP -MF"Drivers/STM32F4xx_HAL_Driver/Src/stm32f4xx_hal_flash.d" -MT"Drivers/STM32F4xx_HAL_Driver/Src/stm32f4xx_hal_flash.o" --specs=nano.specs -mfpu=fpv4-sp-d16 -mfloat-abi=hard -mthumb -o "Drivers/STM32F4xx_HAL_Driver/Src/stm32f4xx_hal_flash.o"
arm-none-eabi-gcc "../Drivers/STM32F4xx_HAL_Driver/Src/stm32f4xx_hal_flash_ex.c" -mcpu=cortex-m4 -std=gnu11 -g3 -DDEBUG -DUSE_HAL_DRIVER -DSTM32F411xE -c -I../Core/Inc -I../Drivers/STM32F4xx_HAL_Driver/Inc -I../Drivers/STM32F4xx_HAL_Driver/Inc/Legacy -I../Drivers/CMSIS/Device/ST/STM32F4xx/Include -I../Drivers/CMSIS/Include -O0 -ffunction-sections -fdata-sections -Wall -fstack-usage -fcyclomatic-complexity -MMD -MP -MF"Drivers/STM32F4xx_HAL_Driver/Src/stm32f4xx_hal_flash_ex.d" -MT"Drivers/STM32F4xx_HAL_Driver/Src/stm32f4xx_hal_flash_ex.o" --specs=nano.specs -mfpu=fpv4-sp-d16 -mfloat-abi=hard -mthumb -o "Drivers/STM32F4xx_HAL_Driver/Src/stm32f4xx_hal_flash_ex.o"
arm-none-eabi-gcc "../Drivers/STM32F4xx_HAL_Driver/Src/stm32f4xx_hal_flash_ramfunc.c" -mcpu=cortex-m4 -std=gnu11 -g3 -DDEBUG -DUSE_HAL_DRIVER -DSTM32F411xE -c -I../Core/Inc -I../Drivers/STM32F4xx_HAL_Driver/Inc -I../Drivers/STM32F4xx_HAL_Driver/Inc/Legacy -I../Drivers/CMSIS/Device/ST/STM32F4xx/Include -I../Drivers/CMSIS/Include -O0 -ffunction-sections -fdata-sections -Wall -fstack-usage -fcyclomatic-complexity -MMD -MP -MF"Drivers/STM32F4xx_HAL_Driver/Src/stm32f4xx_hal_flash_ramfunc.d" -MT"Drivers/STM32F4xx_HAL_Driver/Src/stm32f4xx_hal_flash_ramfunc.o" --specs=nano.specs -mfpu=fpv4-sp-d16 -mfloat-abi=hard -mthumb -o "Drivers/STM32F4xx_HAL_Driver/Src/stm32f4xx_hal_flash_ramfunc.o"
arm-none-eabi-gcc "../Drivers/STM32F4xx_HAL_Driver/Src/stm32f4xx_hal_gpio.c" -mcpu=cortex-m4 -std=gnu11 -g3 -DDEBUG -DUSE_HAL_DRIVER -DSTM32F411xE -c -I../Core/Inc -I../Drivers/STM32F4xx_HAL_Driver/Inc -I../Drivers/STM32F4xx_HAL_Driver/Inc/Legacy -I../Drivers/CMSIS/Device/ST/STM32F4xx/Include -I../Drivers/CMSIS/Include -O0 -ffunction-sections -fdata-sections -Wall -fstack-usage -fcyclomatic-complexity -MMD -MP -MF"Drivers/STM32F4xx_HAL_Driver/Src/stm32f4xx_hal_gpio.d" -MT"Drivers/STM32F4xx_HAL_Driver/Src/stm32f4xx_hal_gpio.o" --specs=nano.specs -mfpu=fpv4-sp-d16 -mfloat-abi=hard -mthumb -o "Drivers/STM32F4xx_HAL_Driver/Src/stm32f4xx_hal_gpio.o"
arm-none-eabi-gcc "../Drivers/STM32F4xx_HAL_Driver/Src/stm32f4xx_hal_pwr.c" -mcpu=cortex-m4 -std=gnu11 -g3 -DDEBUG -DUSE_HAL_DRIVER -DSTM32F411xE -c -I../Core/Inc -I../Drivers/STM32F4xx_HAL_Driver/Inc -I../Drivers/STM32F4xx_HAL_Driver/Inc/Legacy -I../Drivers/CMSIS/Device/ST/STM32F4xx/Include -I../Drivers/CMSIS/Include -O0 -ffunction-sections -fdata-sections -Wall -fstack-usage -fcyclomatic-complexity -MMD -MP -MF"Drivers/STM32F4xx_HAL_Driver/Src/stm32f4xx_hal_pwr.d" -MT"Drivers/STM32F4xx_HAL_Driver/Src/stm32f4xx_hal_pwr.o" --specs=nano.specs -mfpu=fpv4-sp-d16 -mfloat-abi=hard -mthumb -o "Drivers/STM32F4xx_HAL_Driver/Src/stm32f4xx_hal_pwr.o"
arm-none-eabi-gcc "../Drivers/STM32F4xx_HAL_Driver/Src/stm32f4xx_hal_pwr_ex.c" -mcpu=cortex-m4 -std=gnu11 -g3 -DDEBUG -DUSE_HAL_DRIVER -DSTM32F411xE -c -I../Core/Inc -I../Drivers/STM32F4xx_HAL_Driver/Inc -I../Drivers/STM32F4xx_HAL_Driver/Inc/Legacy -I../Drivers/CMSIS/Device/ST/STM32F4xx/Include -I../Drivers/CMSIS/Include -O0 -ffunction-sections -fdata-sections -Wall -fstack-usage -fcyclomatic-complexity -MMD -MP -MF"Drivers/STM32F4xx_HAL_Driver/Src/stm32f4xx_hal_pwr_ex.d" -MT"Drivers/STM32F4xx_HAL_Driver/Src/stm32f4xx_hal_pwr_ex.o" --specs=nano.specs -mfpu=fpv4-sp-d16 -mfloat-abi=hard -mthumb -o "Drivers/STM32F4xx_HAL_Driver/Src/stm32f4xx_hal_pwr_ex.o"
arm-none-eabi-gcc "../Drivers/STM32F4xx_HAL_Driver/Src/stm32f4xx_hal_rcc.c" -mcpu=cortex-m4 -std=gnu11 -g3 -DDEBUG -DUSE_HAL_DRIVER -DSTM32F411xE -c -I../Core/Inc -I../Drivers/STM32F4xx_HAL_Driver/Inc -I../Drivers/STM32F4xx_HAL_Driver/Inc/Legacy -I../Drivers/CMSIS/Device/ST/STM32F4xx/Include -I../Drivers/CMSIS/Include -O0 -ffunction-sections -fdata-sections -Wall -fstack-usage -fcyclomatic-complexity -MMD -MP -MF"Drivers/STM32F4xx_HAL_Driver/Src/stm32f4xx_hal_rcc.d" -MT"Drivers/STM32F4xx_HAL_Driver/Src/stm32f4xx_hal_rcc.o" --specs=nano.specs -mfpu=fpv4-sp-d16 -mfloat-abi=hard -mthumb -o "Drivers/STM32F4xx_HAL_Driver/Src/stm32f4xx_hal_rcc.o"
arm-none-eabi-gcc "../Drivers/STM32F4xx_HAL_Driver/Src/stm32f4xx_hal_rcc_ex.c" -mcpu=cortex-m4 -std=gnu11 -g3 -DDEBUG -DUSE_HAL_DRIVER -DSTM32F411xE -c -I../Core/Inc -I../Drivers/STM32F4xx_HAL_Driver/Inc -I../Drivers/STM32F4xx_HAL_Driver/Inc/Legacy -I../Drivers/CMSIS/Device/ST/STM32F4xx/Include -I../Drivers/CMSIS/Include -O0 -ffunction-sections -fdata-sections -Wall -fstack-usage -fcyclomatic-complexity -MMD -MP -MF"Drivers/STM32F4xx_HAL_Driver/Src/stm32f4xx_hal_rcc_ex.d" -MT"Drivers/STM32F4xx_HAL_Driver/Src/stm32f4xx_hal_rcc_ex.o" --specs=nano.specs -mfpu=fpv4-sp-d16 -mfloat-abi=hard -mthumb -o "Drivers/STM32F4xx_HAL_Driver/Src/stm32f4xx_hal_rcc_ex.o"
arm-none-eabi-gcc -mcpu=cortex-m4 -g3 -DDEBUG -c -x assembler-with-cpp -MMD -MP -MF"Core/Startup/startup_stm32f411retx.d" -MT"Core/Startup/startup_stm32f411retx.o" --specs=nano.specs -mfpu=fpv4-sp-d16 -mfloat-abi=hard -mthumb -o "Core/Startup/startup_stm32f411retx.o" "../Core/Startup/startup_stm32f411retx.s"
arm-none-eabi-gcc "../Core/Src/LiquidCrystal_PCF8574.c" -mcpu=cortex-m4 -std=gnu11 -g3 -DDEBUG -DUSE_HAL_DRIVER -DSTM32F411xE -c -I../Core/Inc -I../Drivers/STM32F4xx_HAL_Driver/Inc -I../Drivers/STM32F4xx_HAL_Driver/Inc/Legacy -I../Drivers/CMSIS/Device/ST/STM32F4xx/Include -I../Drivers/CMSIS/Include -O0 -ffunction-sections -fdata-sections -Wall -fstack-usage -fcyclomatic-complexity -MMD -MP -MF"Core/Src/LiquidCrystal_PCF8574.d" -MT"Core/Src/LiquidCrystal_PCF8574.o" --specs=nano.specs -mfpu=fpv4-sp-d16 -mfloat-abi=hard -mthumb -o "Core/Src/LiquidCrystal_PCF8574.o"
arm-none-eabi-gcc "../Core/Src/RFID.c" -mcpu=cortex-m4 -std=gnu11 -g3 -DDEBUG -DUSE_HAL_DRIVER -DSTM32F411xE -c -I../Core/Inc -I../Drivers/STM32F4xx_HAL_Driver/Inc -I../Drivers/STM32F4xx_HAL_Driver/Inc/Legacy -I../Drivers/CMSIS/Device/ST/STM32F4xx/Include -I../Drivers/CMSIS/Include -O0 -ffunction-sections -fdata-sections -Wall -fstack-usage -fcyclomatic-complexity -MMD -MP -MF"Core/Src/RFID.d" -MT"Core/Src/RFID.o" --specs=nano.specs -mfpu=fpv4-sp-d16 -mfloat-abi=hard -mthumb -o "Core/Src/RFID.o"
arm-none-eabi-gcc "../Core/Src/delay.c" -mcpu=cortex-m4 -std=gnu11 -g3 -DDEBUG -DUSE_HAL_DRIVER -DSTM32F411xE -c -I../Core/Inc -I../Drivers/STM32F4xx_HAL_Driver/Inc -I../Drivers/STM32F4xx_HAL_Driver/Inc/Legacy -I../Drivers/CMSIS/Device/ST/STM32F4xx/Include -I../Drivers/CMSIS/Include -O0 -ffunction-sections -fdata-sections -Wall -fstack-usage -fcyclomatic-complexity -MMD -MP -MF"Core/Src/delay.d" -MT"Core/Src/delay.o" --specs=nano.specs -mfpu=fpv4-sp-d16 -mfloat-abi=hard -mthumb -o "Core/Src/delay.o"
../Core/Src/LiquidCrystal_PCF8574.c: In function 'lcd_write_i2c':
../Core/Src/LiquidCrystal_PCF8574.c:14:14: warning: variable 'Temp' set but not used [-Wunused-but-set-variable]
   14 | volatile int Temp;
      |              ^~~~
../Core/Src/RFID.c: In function 'rc522_toCard':
../Core/Src/RFID.c:225:13: warning: implicit declaration of function 'printf' [-Wimplicit-function-declaration]
  225 |             printf("%02x ", d);
      |             ^~~~~~
../Core/Src/RFID.c:5:1: note: include '<stdio.h>' or provide a declaration of 'printf'
    4 | #include "stm32f4xx.h"
  +++ |+#include <stdio.h>
    5 | /*
../Core/Src/RFID.c:225:13: warning: incompatible implicit declaration of built-in function 'printf' [-Wbuiltin-declaration-mismatch]
  225 |             printf("%02x ", d);
      |             ^~~~~~
../Core/Src/RFID.c:225:13: note: include '<stdio.h>' or provide a declaration of 'printf'
../Core/Src/RFID.c:229:11: warning: incompatible implicit declaration of built-in function 'printf' [-Wbuiltin-declaration-mismatch]
  229 |           printf("\r\n");
      |           ^~~~~~
../Core/Src/RFID.c:229:11: note: include '<stdio.h>' or provide a declaration of 'printf'
../Core/Src/RFID.c:233:7: warning: incompatible implicit declaration of built-in function 'printf' [-Wbuiltin-declaration-mismatch]
  233 |       printf("error\r\n");
      |       ^~~~~~
../Core/Src/RFID.c:233:7: note: include '<stdio.h>' or provide a declaration of 'printf'
arm-none-eabi-gcc "../Core/Src/i2c.c" -mcpu=cortex-m4 -std=gnu11 -g3 -DDEBUG -DUSE_HAL_DRIVER -DSTM32F411xE -c -I../Core/Inc -I../Drivers/STM32F4xx_HAL_Driver/Inc -I../Drivers/STM32F4xx_HAL_Driver/Inc/Legacy -I../Drivers/CMSIS/Device/ST/STM32F4xx/Include -I../Drivers/CMSIS/Include -O0 -ffunction-sections -fdata-sections -Wall -fstack-usage -fcyclomatic-complexity -MMD -MP -MF"Core/Src/i2c.d" -MT"Core/Src/i2c.o" --specs=nano.specs -mfpu=fpv4-sp-d16 -mfloat-abi=hard -mthumb -o "Core/Src/i2c.o"
arm-none-eabi-gcc "../Core/Src/main.c" -mcpu=cortex-m4 -std=gnu11 -g3 -DDEBUG -DUSE_HAL_DRIVER -DSTM32F411xE -c -I../Core/Inc -I../Drivers/STM32F4xx_HAL_Driver/Inc -I../Drivers/STM32F4xx_HAL_Driver/Inc/Legacy -I../Drivers/CMSIS/Device/ST/STM32F4xx/Include -I../Drivers/CMSIS/Include -O0 -ffunction-sections -fdata-sections -Wall -fstack-usage -fcyclomatic-complexity -MMD -MP -MF"Core/Src/main.d" -MT"Core/Src/main.o" --specs=nano.specs -mfpu=fpv4-sp-d16 -mfloat-abi=hard -mthumb -o "Core/Src/main.o"
arm-none-eabi-gcc "../Core/Src/spi.c" -mcpu=cortex-m4 -std=gnu11 -g3 -DDEBUG -DUSE_HAL_DRIVER -DSTM32F411xE -c -I../Core/Inc -I../Drivers/STM32F4xx_HAL_Driver/Inc -I../Drivers/STM32F4xx_HAL_Driver/Inc/Legacy -I../Drivers/CMSIS/Device/ST/STM32F4xx/Include -I../Drivers/CMSIS/Include -O0 -ffunction-sections -fdata-sections -Wall -fstack-usage -fcyclomatic-complexity -MMD -MP -MF"Core/Src/spi.d" -MT"Core/Src/spi.o" --specs=nano.specs -mfpu=fpv4-sp-d16 -mfloat-abi=hard -mthumb -o "Core/Src/spi.o"
../Core/Src/i2c.c: In function 'i2c_readByte':
../Core/Src/i2c.c:27:14: warning: variable 'tmp' set but not used [-Wunused-but-set-variable]
   27 | volatile int tmp=0;
      |              ^~~
../Core/Src/i2c.c: In function 'i2c_writeByte':
../Core/Src/i2c.c:52:14: warning: variable 'Temp' set but not used [-Wunused-but-set-variable]
   52 | volatile int Temp=0;
      |              ^~~~
../Core/Src/i2c.c: In function 'i2c_WriteMulti':
../Core/Src/i2c.c:73:14: warning: variable 'Temp' set but not used [-Wunused-but-set-variable]
   73 | volatile int Temp=0;
      |              ^~~~
../Core/Src/i2c.c: In function 'i2c_ReadMulti':
../Core/Src/i2c.c:96:22: warning: variable 'temp' set but not used [-Wunused-but-set-variable]
   96 |         volatile int temp=0;
      |                      ^~~~
arm-none-eabi-gcc "../Core/Src/stm32f4xx_hal_msp.c" -mcpu=cortex-m4 -std=gnu11 -g3 -DDEBUG -DUSE_HAL_DRIVER -DSTM32F411xE -c -I../Core/Inc -I../Drivers/STM32F4xx_HAL_Driver/Inc -I../Drivers/STM32F4xx_HAL_Driver/Inc/Legacy -I../Drivers/CMSIS/Device/ST/STM32F4xx/Include -I../Drivers/CMSIS/Include -O0 -ffunction-sections -fdata-sections -Wall -fstack-usage -fcyclomatic-complexity -MMD -MP -MF"Core/Src/stm32f4xx_hal_msp.d" -MT"Core/Src/stm32f4xx_hal_msp.o" --specs=nano.specs -mfpu=fpv4-sp-d16 -mfloat-abi=hard -mthumb -o "Core/Src/stm32f4xx_hal_msp.o"
../Core/Src/spi.c: In function 'SPI_Transmit':
../Core/Src/spi.c:30:18: warning: variable 'temp' set but not used [-Wunused-but-set-variable]
   30 |         uint8_t  temp   =0;
      |                  ^~~~
arm-none-eabi-gcc "../Core/Src/stm32f4xx_it.c" -mcpu=cortex-m4 -std=gnu11 -g3 -DDEBUG -DUSE_HAL_DRIVER -DSTM32F411xE -c -I../Core/Inc -I../Drivers/STM32F4xx_HAL_Driver/Inc -I../Drivers/STM32F4xx_HAL_Driver/Inc/Legacy -I../Drivers/CMSIS/Device/ST/STM32F4xx/Include -I../Drivers/CMSIS/Include -O0 -ffunction-sections -fdata-sections -Wall -fstack-usage -fcyclomatic-complexity -MMD -MP -MF"Core/Src/stm32f4xx_it.d" -MT"Core/Src/stm32f4xx_it.o" --specs=nano.specs -mfpu=fpv4-sp-d16 -mfloat-abi=hard -mthumb -o "Core/Src/stm32f4xx_it.o"
arm-none-eabi-gcc "../Core/Src/syscalls.c" -mcpu=cortex-m4 -std=gnu11 -g3 -DDEBUG -DUSE_HAL_DRIVER -DSTM32F411xE -c -I../Core/Inc -I../Drivers/STM32F4xx_HAL_Driver/Inc -I../Drivers/STM32F4xx_HAL_Driver/Inc/Legacy -I../Drivers/CMSIS/Device/ST/STM32F4xx/Include -I../Drivers/CMSIS/Include -O0 -ffunction-sections -fdata-sections -Wall -fstack-usage -fcyclomatic-complexity -MMD -MP -MF"Core/Src/syscalls.d" -MT"Core/Src/syscalls.o" --specs=nano.specs -mfpu=fpv4-sp-d16 -mfloat-abi=hard -mthumb -o "Core/Src/syscalls.o"
arm-none-eabi-gcc "../Core/Src/sysmem.c" -mcpu=cortex-m4 -std=gnu11 -g3 -DDEBUG -DUSE_HAL_DRIVER -DSTM32F411xE -c -I../Core/Inc -I../Drivers/STM32F4xx_HAL_Driver/Inc -I../Drivers/STM32F4xx_HAL_Driver/Inc/Legacy -I../Drivers/CMSIS/Device/ST/STM32F4xx/Include -I../Drivers/CMSIS/Include -O0 -ffunction-sections -fdata-sections -Wall -fstack-usage -fcyclomatic-complexity -MMD -MP -MF"Core/Src/sysmem.d" -MT"Core/Src/sysmem.o" --specs=nano.specs -mfpu=fpv4-sp-d16 -mfloat-abi=hard -mthumb -o "Core/Src/sysmem.o"
arm-none-eabi-gcc "../Core/Src/system_stm32f4xx.c" -mcpu=cortex-m4 -std=gnu11 -g3 -DDEBUG -DUSE_HAL_DRIVER -DSTM32F411xE -c -I../Core/Inc -I../Drivers/STM32F4xx_HAL_Driver/Inc -I../Drivers/STM32F4xx_HAL_Driver/Inc/Legacy -I../Drivers/CMSIS/Device/ST/STM32F4xx/Include -I../Drivers/CMSIS/Include -O0 -ffunction-sections -fdata-sections -Wall -fstack-usage -fcyclomatic-complexity -MMD -MP -MF"Core/Src/system_stm32f4xx.d" -MT"Core/Src/system_stm32f4xx.o" --specs=nano.specs -mfpu=fpv4-sp-d16 -mfloat-abi=hard -mthumb -o "Core/Src/system_stm32f4xx.o"
arm-none-eabi-gcc -o "RFID_RC522.elf" @"objects.list"   -mcpu=cortex-m4 -T"C:\Users\GOLUM\Desktop\RFID_RC522\STM32F411RETX_FLASH.ld" --specs=nosys.specs -Wl,-Map="RFID_RC522.map" -Wl,--gc-sections -static --specs=nano.specs -mfpu=fpv4-sp-d16 -mfloat-abi=hard -mthumb -Wl,--start-group -lc -lm -Wl,--end-group
C:/ST/STM32CubeIDE_2/STM32CubeIDE/plugins/com.st.stm32cube.ide.mcu.externaltools.gnu-tools-for-stm32.12.3.rel1.win32_1.1.0.202410251130/tools/bin/../lib/gcc/arm-none-eabi/12.3.1/../../../../arm-none-eabi/bin/ld.exe: warning: RFID_RC522.elf has a LOAD segment with RWX permissions
Finished building target: RFID_RC522.elf
 
arm-none-eabi-size  RFID_RC522.elf 
arm-none-eabi-objdump -h -S RFID_RC522.elf  > "RFID_RC522.list"
   text	   data	    bss	    dec	    hex	filename
   9332	    100	   1916	  11348	   2c54	RFID_RC522.elf
Finished building: default.size.stdout
 
Finished building: RFID_RC522.list
 
10:21:48 **** Incremental Build of configuration Debug for project rfid ****
make -j4 all 
arm-none-eabi-gcc "../Core/Src/main.c" -mcpu=cortex-m4 -std=gnu11 -g3 -DDEBUG -DUSE_HAL_DRIVER -DSTM32F446xx -c -I../Core/Inc -I../Drivers/STM32F4xx_HAL_Driver/Inc -I../Drivers/STM32F4xx_HAL_Driver/Inc/Legacy -I../Drivers/CMSIS/Device/ST/STM32F4xx/Include -I../Drivers/CMSIS/Include -O0 -ffunction-sections -fdata-sections -Wall -fstack-usage -fcyclomatic-complexity -MMD -MP -MF"Core/Src/main.d" -MT"Core/Src/main.o" --specs=nano.specs -mfpu=fpv4-sp-d16 -mfloat-abi=hard -mthumb -o "Core/Src/main.o"
arm-none-eabi-gcc "../Core/Src/stm32f4xx_hal_msp.c" -mcpu=cortex-m4 -std=gnu11 -g3 -DDEBUG -DUSE_HAL_DRIVER -DSTM32F446xx -c -I../Core/Inc -I../Drivers/STM32F4xx_HAL_Driver/Inc -I../Drivers/STM32F4xx_HAL_Driver/Inc/Legacy -I../Drivers/CMSIS/Device/ST/STM32F4xx/Include -I../Drivers/CMSIS/Include -O0 -ffunction-sections -fdata-sections -Wall -fstack-usage -fcyclomatic-complexity -MMD -MP -MF"Core/Src/stm32f4xx_hal_msp.d" -MT"Core/Src/stm32f4xx_hal_msp.o" --specs=nano.specs -mfpu=fpv4-sp-d16 -mfloat-abi=hard -mthumb -o "Core/Src/stm32f4xx_hal_msp.o"
arm-none-eabi-gcc "../Core/Src/stm32f4xx_it.c" -mcpu=cortex-m4 -std=gnu11 -g3 -DDEBUG -DUSE_HAL_DRIVER -DSTM32F446xx -c -I../Core/Inc -I../Drivers/STM32F4xx_HAL_Driver/Inc -I../Drivers/STM32F4xx_HAL_Driver/Inc/Legacy -I../Drivers/CMSIS/Device/ST/STM32F4xx/Include -I../Drivers/CMSIS/Include -O0 -ffunction-sections -fdata-sections -Wall -fstack-usage -fcyclomatic-complexity -MMD -MP -MF"Core/Src/stm32f4xx_it.d" -MT"Core/Src/stm32f4xx_it.o" --specs=nano.specs -mfpu=fpv4-sp-d16 -mfloat-abi=hard -mthumb -o "Core/Src/stm32f4xx_it.o"
arm-none-eabi-gcc "../Core/Src/syscalls.c" -mcpu=cortex-m4 -std=gnu11 -g3 -DDEBUG -DUSE_HAL_DRIVER -DSTM32F446xx -c -I../Core/Inc -I../Drivers/STM32F4xx_HAL_Driver/Inc -I../Drivers/STM32F4xx_HAL_Driver/Inc/Legacy -I../Drivers/CMSIS/Device/ST/STM32F4xx/Include -I../Drivers/CMSIS/Include -O0 -ffunction-sections -fdata-sections -Wall -fstack-usage -fcyclomatic-complexity -MMD -MP -MF"Core/Src/syscalls.d" -MT"Core/Src/syscalls.o" --specs=nano.specs -mfpu=fpv4-sp-d16 -mfloat-abi=hard -mthumb -o "Core/Src/syscalls.o"
../Core/Src/main.c:59:31: warning: excess elements in scalar initializer
   59 | uint8_t tx ={0x7E&(0x0D << 1),0x07};
      |                               ^~~~
../Core/Src/main.c:59:31: note: (near initialization for 'tx')
../Core/Src/main.c: In function 'main':
../Core/Src/main.c:102:36: warning: passing argument 2 of 'HAL_SPI_Transmit' makes pointer from integer without a cast [-Wint-conversion]
  102 |           HAL_SPI_Transmit(&hspi1, tx, 2, 100);
      |                                    ^~
      |                                    |
      |                                    uint8_t {aka unsigned char}
In file included from ../Core/Inc/stm32f4xx_hal_conf.h:403,
                 from ../Drivers/STM32F4xx_HAL_Driver/Inc/stm32f4xx_hal.h:29,
                 from ../Core/Inc/main.h:30,
                 from ../Core/Src/main.c:20:
../Drivers/STM32F4xx_HAL_Driver/Inc/stm32f4xx_hal_spi.h:670:76: note: expected 'const uint8_t *' {aka 'const unsigned char *'} but argument is of type 'uint8_t' {aka 'unsigned char'}
  670 | HAL_StatusTypeDef HAL_SPI_Transmit(SPI_HandleTypeDef *hspi, const uint8_t *pData, uint16_t Size, uint32_t Timeout);
      |                                                             ~~~~~~~~~~~~~~~^~~~~
../Core/Src/main.c:104:43: warning: passing argument 2 of 'HAL_SPI_TransmitReceive' makes pointer from integer without a cast [-Wint-conversion]
  104 |           HAL_SPI_TransmitReceive(&hspi1, tx, rfid, 4, 100);
      |                                           ^~
      |                                           |
      |                                           uint8_t {aka unsigned char}
../Drivers/STM32F4xx_HAL_Driver/Inc/stm32f4xx_hal_spi.h:672:83: note: expected 'const uint8_t *' {aka 'const unsigned char *'} but argument is of type 'uint8_t' {aka 'unsigned char'}
  672 | HAL_StatusTypeDef HAL_SPI_TransmitReceive(SPI_HandleTypeDef *hspi, const uint8_t *pTxData, uint8_t *pRxData,
      |                                                                    ~~~~~~~~~~~~~~~^~~~~~~
arm-none-eabi-gcc "../Core/Src/sysmem.c" -mcpu=cortex-m4 -std=gnu11 -g3 -DDEBUG -DUSE_HAL_DRIVER -DSTM32F446xx -c -I../Core/Inc -I../Drivers/STM32F4xx_HAL_Driver/Inc -I../Drivers/STM32F4xx_HAL_Driver/Inc/Legacy -I../Drivers/CMSIS/Device/ST/STM32F4xx/Include -I../Drivers/CMSIS/Include -O0 -ffunction-sections -fdata-sections -Wall -fstack-usage -fcyclomatic-complexity -MMD -MP -MF"Core/Src/sysmem.d" -MT"Core/Src/sysmem.o" --specs=nano.specs -mfpu=fpv4-sp-d16 -mfloat-abi=hard -mthumb -o "Core/Src/sysmem.o"
arm-none-eabi-gcc "../Core/Src/system_stm32f4xx.c" -mcpu=cortex-m4 -std=gnu11 -g3 -DDEBUG -DUSE_HAL_DRIVER -DSTM32F446xx -c -I../Core/Inc -I../Drivers/STM32F4xx_HAL_Driver/Inc -I../Drivers/STM32F4xx_HAL_Driver/Inc/Legacy -I../Drivers/CMSIS/Device/ST/STM32F4xx/Include -I../Drivers/CMSIS/Include -O0 -ffunction-sections -fdata-sections -Wall -fstack-usage -fcyclomatic-complexity -MMD -MP -MF"Core/Src/system_stm32f4xx.d" -MT"Core/Src/system_stm32f4xx.o" --specs=nano.specs -mfpu=fpv4-sp-d16 -mfloat-abi=hard -mthumb -o "Core/Src/system_stm32f4xx.o"
arm-none-eabi-gcc -o "rfid.elf" @"objects.list"   -mcpu=cortex-m4 -T"C:\Users\GOLUM\STM32CubeIDE\workspace_1.16.1\spi\rfid\STM32F446RETX_FLASH.ld" --specs=nosys.specs -Wl,-Map="rfid.map" -Wl,--gc-sections -static --specs=nano.specs -mfpu=fpv4-sp-d16 -mfloat-abi=hard -mthumb -Wl,--start-group -lc -lm -Wl,--end-group
Finished building target: rfid.elf
 
arm-none-eabi-size  rfid.elf 
arm-none-eabi-objdump -h -S rfid.elf  > "rfid.list"
   text	   data	    bss	    dec	    hex	filename
   9308	     16	   1664	  10988	   2aec	rfid.elf
Finished building: default.size.stdout
 
Finished building: rfid.list
 
10:23:07 **** Incremental Build of configuration Debug for project rfid ****
make -j4 all 
arm-none-eabi-gcc "../Core/Src/main.c" -mcpu=cortex-m4 -std=gnu11 -g3 -DDEBUG -DUSE_HAL_DRIVER -DSTM32F446xx -c -I../Core/Inc -I../Drivers/STM32F4xx_HAL_Driver/Inc -I../Drivers/STM32F4xx_HAL_Driver/Inc/Legacy -I../Drivers/CMSIS/Device/ST/STM32F4xx/Include -I../Drivers/CMSIS/Include -O0 -ffunction-sections -fdata-sections -Wall -fstack-usage -fcyclomatic-complexity -MMD -MP -MF"Core/Src/main.d" -MT"Core/Src/main.o" --specs=nano.specs -mfpu=fpv4-sp-d16 -mfloat-abi=hard -mthumb -o "Core/Src/main.o"
arm-none-eabi-gcc -o "rfid.elf" @"objects.list"   -mcpu=cortex-m4 -T"C:\Users\GOLUM\STM32CubeIDE\workspace_1.16.1\spi\rfid\STM32F446RETX_FLASH.ld" --specs=nosys.specs -Wl,-Map="rfid.map" -Wl,--gc-sections -static --specs=nano.specs -mfpu=fpv4-sp-d16 -mfloat-abi=hard -mthumb -Wl,--start-group -lc -lm -Wl,--end-group
Finished building target: rfid.elf
 
arm-none-eabi-size  rfid.elf 
arm-none-eabi-objdump -h -S rfid.elf  > "rfid.list"
   text	   data	    bss	    dec	    hex	filename
   9300	     16	   1664	  10980	   2ae4	rfid.elf
Finished building: default.size.stdout
 
Finished building: rfid.list
 
10:27:40 **** Incremental Build of configuration Debug for project rfid ****
make -j4 all 
arm-none-eabi-gcc "../Core/Src/main.c" -mcpu=cortex-m4 -std=gnu11 -g3 -DDEBUG -DUSE_HAL_DRIVER -DSTM32F446xx -c -I../Core/Inc -I../Drivers/STM32F4xx_HAL_Driver/Inc -I../Drivers/STM32F4xx_HAL_Driver/Inc/Legacy -I../Drivers/CMSIS/Device/ST/STM32F4xx/Include -I../Drivers/CMSIS/Include -O0 -ffunction-sections -fdata-sections -Wall -fstack-usage -fcyclomatic-complexity -MMD -MP -MF"Core/Src/main.d" -MT"Core/Src/main.o" --specs=nano.specs -mfpu=fpv4-sp-d16 -mfloat-abi=hard -mthumb -o "Core/Src/main.o"
../Core/Src/main.c: In function 'main':
../Core/Src/main.c:105:43: warning: passing argument 2 of 'HAL_SPI_TransmitReceive' makes pointer from integer without a cast [-Wint-conversion]
  105 |           HAL_SPI_TransmitReceive(&hspi1, rx, rfid, 4, 100);
      |                                           ^~
      |                                           |
      |                                           uint8_t {aka unsigned char}
In file included from ../Core/Inc/stm32f4xx_hal_conf.h:403,
                 from ../Drivers/STM32F4xx_HAL_Driver/Inc/stm32f4xx_hal.h:29,
                 from ../Core/Inc/main.h:30,
                 from ../Core/Src/main.c:20:
../Drivers/STM32F4xx_HAL_Driver/Inc/stm32f4xx_hal_spi.h:672:83: note: expected 'const uint8_t *' {aka 'const unsigned char *'} but argument is of type 'uint8_t' {aka 'unsigned char'}
  672 | HAL_StatusTypeDef HAL_SPI_TransmitReceive(SPI_HandleTypeDef *hspi, const uint8_t *pTxData, uint8_t *pRxData,
      |                                                                    ~~~~~~~~~~~~~~~^~~~~~~
arm-none-eabi-gcc -o "rfid.elf" @"objects.list"   -mcpu=cortex-m4 -T"C:\Users\GOLUM\STM32CubeIDE\workspace_1.16.1\spi\rfid\STM32F446RETX_FLASH.ld" --specs=nosys.specs -Wl,-Map="rfid.map" -Wl,--gc-sections -static --specs=nano.specs -mfpu=fpv4-sp-d16 -mfloat-abi=hard -mthumb -Wl,--start-group -lc -lm -Wl,--end-group
Finished building target: rfid.elf
 
arm-none-eabi-size  rfid.elf 
arm-none-eabi-objdump -h -S rfid.elf  > "rfid.list"
   text	   data	    bss	    dec	    hex	filename
   9308	     16	   1664	  10988	   2aec	rfid.elf
Finished building: default.size.stdout
 
Finished building: rfid.list
 
