10:17:52 **** Incremental Build of configuration Debug for project ex1 ****
make -j4 all 
arm-none-eabi-gcc "../Core/Src/main.c" -mcpu=cortex-m4 -std=gnu11 -g3 -DDEBUG -DUSE_HAL_DRIVER -DSTM32F446xx -c -I../Core/Inc -I../Drivers/STM32F4xx_HAL_Driver/Inc -I../Drivers/STM32F4xx_HAL_Driver/Inc/Legacy -I../Drivers/CMSIS/Device/ST/STM32F4xx/Include -I../Drivers/CMSIS/Include -O0 -ffunction-sections -fdata-sections -Wall -fstack-usage -fcyclomatic-complexity -MMD -MP -MF"Core/Src/main.d" -MT"Core/Src/main.o" --specs=nano.specs -mfpu=fpv4-sp-d16 -mfloat-abi=hard -mthumb -o "Core/Src/main.o"
../Core/Src/main.c: In function 'main':
../Core/Src/main.c:109:19: warning: pointer targets in passing argument 1 of 'sprintf' differ in signedness [-Wpointer-sign]
  109 |           sprintf(b, "%d", a);
      |                   ^
      |                   |
      |                   uint8_t * {aka unsigned char *}
In file included from ../Core/Src/main.c:21:
C:\ST\STM32CubeIDE_1.16.1\STM32CubeIDE\plugins\com.st.stm32cube.ide.mcu.externaltools.gnu-tools-for-stm32.12.3.rel1.win32_1.1.0.202410251130\tools\bin/../lib/gcc/arm-none-eabi/12.3.1/../../../../arm-none-eabi/include/stdio.h:250:18: note: expected 'char * restrict' but argument is of type 'uint8_t *' {aka 'unsigned char *'}
  250 | int     sprintf (char *__restrict, const char *__restrict, ...)
      |                  ^
arm-none-eabi-gcc -o "ex1.elf" @"objects.list"   -mcpu=cortex-m4 -T"C:\Users\GOLUM\STM32CubeIDE\workspace_1.16.1\adc\ex1\STM32F446RETX_FLASH.ld" --specs=nosys.specs -Wl,-Map="ex1.map" -Wl,--gc-sections -static --specs=nano.specs -mfpu=fpv4-sp-d16 -mfloat-abi=hard -mthumb -Wl,--start-group -lc -lm -Wl,--end-group
Finished building target: ex1.elf
 
arm-none-eabi-size  ex1.elf 
   text	   data	    bss	    dec	    hex	filename
  14212	    100	   2052	  16364	   3fec	ex1.elf
Finished building: default.size.stdout
 

10:18:06 Build Finished. 0 errors, 1 warnings. (took 14s.560ms)

