10:55:37 **** Incremental Build of configuration Debug for project ex2 ****
make -j4 all 
arm-none-eabi-gcc "../Core/Src/main.c" -mcpu=cortex-m4 -std=gnu11 -g3 -DDEBUG -DUSE_HAL_DRIVER -DSTM32F446xx -c -I../Core/Inc -I../Drivers/STM32F4xx_HAL_Driver/Inc -I../Drivers/STM32F4xx_HAL_Driver/Inc/Legacy -I../Drivers/CMSIS/Device/ST/STM32F4xx/Include -I../Drivers/CMSIS/Include -O0 -ffunction-sections -fdata-sections -Wall -fstack-usage -fcyclomatic-complexity -MMD -MP -MF"Core/Src/main.d" -MT"Core/Src/main.o" --specs=nano.specs -mfpu=fpv4-sp-d16 -mfloat-abi=hard -mthumb -o "Core/Src/main.o"
../Core/Src/main.c: In function 'HAL_TIM_PeriodElapsedCallback':
../Core/Src/main.c:76:11: warning: implicit declaration of function 'sprintf' [-Wimplicit-function-declaration]
   76 |           sprintf(b, "%d", a);
      |           ^~~~~~~
../Core/Src/main.c:21:1: note: include '<stdio.h>' or provide a declaration of 'sprintf'
   20 | #include "main.h"
  +++ |+#include <stdio.h>
   21 | 
../Core/Src/main.c:76:11: warning: incompatible implicit declaration of built-in function 'sprintf' [-Wbuiltin-declaration-mismatch]
   76 |           sprintf(b, "%d", a);
      |           ^~~~~~~
../Core/Src/main.c:76:11: note: include '<stdio.h>' or provide a declaration of 'sprintf'
../Core/Src/main.c:76:19: warning: pointer targets in passing argument 1 of 'sprintf' differ in signedness [-Wpointer-sign]
   76 |           sprintf(b, "%d", a);
      |                   ^
      |                   |
      |                   uint8_t * {aka unsigned char *}
../Core/Src/main.c:76:19: note: expected 'char *' but argument is of type 'uint8_t *' {aka 'unsigned char *'}
arm-none-eabi-gcc -o "ex2.elf" @"objects.list"   -mcpu=cortex-m4 -T"C:\Users\GOLUM\STM32CubeIDE\workspace_1.16.1\adc\ex2\STM32F446RETX_FLASH.ld" --specs=nosys.specs -Wl,-Map="ex2.map" -Wl,--gc-sections -static --specs=nano.specs -mfpu=fpv4-sp-d16 -mfloat-abi=hard -mthumb -Wl,--start-group -lc -lm -Wl,--end-group
Finished building target: ex2.elf
 
arm-none-eabi-size  ex2.elf 
arm-none-eabi-objdump -h -S ex2.elf  > "ex2.list"
   text	   data	    bss	    dec	    hex	filename
  16560	    100	   2132	  18792	   4968	ex2.elf
Finished building: default.size.stdout
 
Finished building: ex2.list
 

10:55:43 Build Finished. 0 errors, 3 warnings. (took 6s.476ms)

