16:15:50 **** Incremental Build of configuration Debug for project ex5 ****
make -j4 all 
arm-none-eabi-gcc "../Core/Src/main.c" -mcpu=cortex-m4 -std=gnu11 -g3 -DDEBUG -DUSE_HAL_DRIVER -DSTM32F446xx -c -I../Core/Inc -I../Drivers/STM32F4xx_HAL_Driver/Inc -I../Drivers/STM32F4xx_HAL_Driver/Inc/Legacy -I../Drivers/CMSIS/Device/ST/STM32F4xx/Include -I../Drivers/CMSIS/Include -O0 -ffunction-sections -fdata-sections -Wall -fstack-usage -fcyclomatic-complexity -MMD -MP -MF"Core/Src/main.d" -MT"Core/Src/main.o" --specs=nano.specs -mfpu=fpv4-sp-d16 -mfloat-abi=hard -mthumb -o "Core/Src/main.o"
arm-none-eabi-gcc -o "ex5.elf" @"objects.list"   -mcpu=cortex-m4 -T"C:\Users\GOLUM\STM32CubeIDE\workspace_1.16.1\adc\ex5\STM32F446RETX_FLASH.ld" --specs=nosys.specs -Wl,-Map="ex5.map" -Wl,--gc-sections -static --specs=nano.specs -mfpu=fpv4-sp-d16 -mfloat-abi=hard -mthumb -Wl,--start-group -lc -lm -Wl,--end-group
Finished building target: ex5.elf
 
arm-none-eabi-size  ex5.elf 
arm-none-eabi-objdump -h -S ex5.elf  > "ex5.list"
   text	   data	    bss	    dec	    hex	filename
  13256	     12	   1796	  15064	   3ad8	ex5.elf
Finished building: default.size.stdout
 
Finished building: ex5.list
 

16:15:54 Build Finished. 0 errors, 0 warnings. (took 3s.739ms)

