15:29:01 **** Build of configuration Debug for project Q1_REG ****
make -j4 all 
arm-none-eabi-gcc "../Core/Src/main.c" -mcpu=cortex-m4 -std=gnu11 -g3 -DDEBUG -DUSE_HAL_DRIVER -DSTM32F446xx -c -I../Core/Inc -I../Drivers/STM32F4xx_HAL_Driver/Inc -I../Drivers/STM32F4xx_HAL_Driver/Inc/Legacy -I../Drivers/CMSIS/Device/ST/STM32F4xx/Include -I../Drivers/CMSIS/Include -O0 -ffunction-sections -fdata-sections -Wall -fstack-usage -fcyclomatic-complexity -MMD -MP -MF"Core/Src/main.d" -MT"Core/Src/main.o" --specs=nano.specs -mfpu=fpv4-sp-d16 -mfloat-abi=hard -mthumb -o "Core/Src/main.o"
arm-none-eabi-gcc -o "Q1_REG.elf" @"objects.list"   -mcpu=cortex-m4 -T"C:\Users\GOLUM\STM32CubeIDE\workspace_1.16.1\uart\Q1_REG\STM32F446RETX_FLASH.ld" --specs=nosys.specs -Wl,-Map="Q1_REG.map" -Wl,--gc-sections -static --specs=nano.specs -mfpu=fpv4-sp-d16 -mfloat-abi=hard -mthumb -Wl,--start-group -lc -lm -Wl,--end-group
Finished building target: Q1_REG.elf
 
arm-none-eabi-size  Q1_REG.elf 
arm-none-eabi-objdump -h -S Q1_REG.elf  > "Q1_REG.list"
   text	   data	    bss	    dec	    hex	filename
   1124	      4	   1572	   2700	    a8c	Q1_REG.elf
Finished building: default.size.stdout
 
Finished building: Q1_REG.list
 

15:29:10 Build Finished. 0 errors, 0 warnings. (took 9s.0ms)

