15:29:25 **** Build of configuration Debug for project Q9_REG ****
make -j4 all 
arm-none-eabi-gcc "../Core/Src/main.c" -mcpu=cortex-m4 -std=gnu11 -g3 -DDEBUG -DUSE_HAL_DRIVER -DSTM32F446xx -c -I../Core/Inc -I../Drivers/STM32F4xx_HAL_Driver/Inc -I../Drivers/STM32F4xx_HAL_Driver/Inc/Legacy -I../Drivers/CMSIS/Device/ST/STM32F4xx/Include -I../Drivers/CMSIS/Include -O0 -ffunction-sections -fdata-sections -Wall -fstack-usage -fcyclomatic-complexity -MMD -MP -MF"Core/Src/main.d" -MT"Core/Src/main.o" --specs=nano.specs -mfpu=fpv4-sp-d16 -mfloat-abi=hard -mthumb -o "Core/Src/main.o"
arm-none-eabi-gcc -o "Q9_REG.elf" @"objects.list"   -mcpu=cortex-m4 -T"C:\Users\GOLUM\STM32CubeIDE\workspace_1.16.1\uart\Q9_REG\STM32F446RETX_FLASH.ld" --specs=nosys.specs -Wl,-Map="Q9_REG.map" -Wl,--gc-sections -static --specs=nano.specs -mfpu=fpv4-sp-d16 -mfloat-abi=hard -mthumb -Wl,--start-group -lc -lm -Wl,--end-group
Finished building target: Q9_REG.elf
 
arm-none-eabi-size  Q9_REG.elf 
arm-none-eabi-objdump -h -S Q9_REG.elf  > "Q9_REG.list"
   text	   data	    bss	    dec	    hex	filename
   1456	      4	   1572	   3032	    bd8	Q9_REG.elf
Finished building: default.size.stdout
 
Finished building: Q9_REG.list
 

15:29:29 Build Finished. 0 errors, 0 warnings. (took 4s.230ms)

