../Core/Src/main.c:68:6:delay	16	static
../Core/Src/main.c:83:6:HAL_TIM_IC_CaptureCallback	16	static
../Core/Src/main.c:122:6:ultrasonic_trigger	8	static
../Core/Src/main.c:130:6:lcd_send_cmd	32	static
../Core/Src/main.c:142:6:lcd_send_data	32	static
../Core/Src/main.c:154:6:lcd_init	8	static
../Core/Src/main.c:179:6:lcd_clear	16	static
../Core/Src/main.c:188:6:lcd_put_cur	16	static
../Core/Src/main.c:202:6:lcd_send_string	16	static
../Core/Src/main.c:213:5:main	16	static
../Core/Src/main.c:288:6:SystemClock_Config	88	static
../Core/Src/main.c:336:13:MX_I2C1_Init	8	static
../Core/Src/main.c:370:13:MX_TIM1_Init	32	static
../Core/Src/main.c:419:13:MX_USART2_UART_Init	8	static
../Core/Src/main.c:452:13:MX_GPIO_Init	48	static
../Core/Src/main.c:492:6:Error_Handler	4	static,ignoring_inline_asm
