../Core/Src/main.c:68:6:delay	2
../Core/Src/main.c:83:6:HAL_TIM_IC_CaptureCallback	6
../Core/Src/main.c:122:6:ultrasonic_trigger	1
../Core/Src/main.c:130:6:lcd_send_cmd	1
../Core/Src/main.c:142:6:lcd_send_data	1
../Core/Src/main.c:154:6:lcd_init	1
../Core/Src/main.c:179:6:lcd_clear	2
../Core/Src/main.c:188:6:lcd_put_cur	3
../Core/Src/main.c:202:6:lcd_send_string	2
../Core/Src/main.c:213:5:main	6
../Core/Src/main.c:288:6:SystemClock_Config	3
../Core/Src/main.c:336:13:MX_I2C1_Init	2
../Core/Src/main.c:370:13:MX_TIM1_Init	4
../Core/Src/main.c:419:13:MX_USART2_UART_Init	2
../Core/Src/main.c:452:13:MX_GPIO_Init	1
../Core/Src/main.c:492:6:Error_Handler	1
