15:19:12 **** Incremental Build of configuration Debug for project Q9_HAL ****
make -j4 all 
arm-none-eabi-gcc "../Core/Src/main.c" -mcpu=cortex-m4 -std=gnu11 -g3 -DDEBUG -DUSE_HAL_DRIVER -DSTM32F446xx -c -I../Core/Inc -I../Drivers/STM32F4xx_HAL_Driver/Inc -I../Drivers/STM32F4xx_HAL_Driver/Inc/Legacy -I../Drivers/CMSIS/Device/ST/STM32F4xx/Include -I../Drivers/CMSIS/Include -O0 -ffunction-sections -fdata-sections -Wall -fstack-usage -fcyclomatic-complexity -MMD -MP -MF"Core/Src/main.d" -MT"Core/Src/main.o" --specs=nano.specs -mfpu=fpv4-sp-d16 -mfloat-abi=hard -mthumb -o "Core/Src/main.o"
arm-none-eabi-gcc -o "Q9_HAL.elf" @"objects.list"   -mcpu=cortex-m4 -T"C:\Users\GOLUM\STM32CubeIDE\workspace_1.16.1\interupts\Q9_HAL\STM32F446RETX_FLASH.ld" --specs=nosys.specs -Wl,-Map="Q9_HAL.map" -Wl,--gc-sections -static --specs=nano.specs -mfpu=fpv4-sp-d16 -mfloat-abi=hard -mthumb -Wl,--start-group -lc -lm -Wl,--end-group
Finished building target: Q9_HAL.elf
 
arm-none-eabi-size  Q9_HAL.elf 
arm-none-eabi-objdump -h -S Q9_HAL.elf  > "Q9_HAL.list"
   text	   data	    bss	    dec	    hex	filename
   8812	     12	   1644	  10468	   28e4	Q9_HAL.elf
Finished building: default.size.stdout
 
Finished building: Q9_HAL.list
 

15:19:15 Build Finished. 0 errors, 0 warnings. (took 2s.609ms)

