16:40:42 **** Incremental Build of configuration Debug for project Qidk_hal ****
make -j4 all 
arm-none-eabi-gcc "../Core/Src/main.c" -mcpu=cortex-m4 -std=gnu11 -g3 -DDEBUG -DUSE_HAL_DRIVER -DSTM32F446xx -c -I../Core/Inc -I../Drivers/STM32F4xx_HAL_Driver/Inc -I../Drivers/STM32F4xx_HAL_Driver/Inc/Legacy -I../Drivers/CMSIS/Device/ST/STM32F4xx/Include -I../Drivers/CMSIS/Include -O0 -ffunction-sections -fdata-sections -Wall -fstack-usage -fcyclomatic-complexity -MMD -MP -MF"Core/Src/main.d" -MT"Core/Src/main.o" --specs=nano.specs -mfpu=fpv4-sp-d16 -mfloat-abi=hard -mthumb -o "Core/Src/main.o"
arm-none-eabi-gcc -o "Qidk_hal.elf" @"objects.list"   -mcpu=cortex-m4 -T"C:\Users\GOLUM\STM32CubeIDE\workspace_1.16.1\interupts\Qidk_hal\STM32F446RETX_FLASH.ld" --specs=nosys.specs -Wl,-Map="Qidk_hal.map" -Wl,--gc-sections -static --specs=nano.specs -mfpu=fpv4-sp-d16 -mfloat-abi=hard -mthumb -Wl,--start-group -lc -lm -Wl,--end-group
Finished building target: Qidk_hal.elf
 
arm-none-eabi-size  Qidk_hal.elf 
arm-none-eabi-objdump -h -S Qidk_hal.elf  > "Qidk_hal.list"
   text	   data	    bss	    dec	    hex	filename
  13008	    112	   1976	  15096	   3af8	Qidk_hal.elf
Finished building: default.size.stdout
 
Finished building: Qidk_hal.list
 

16:40:45 Build Finished. 0 errors, 0 warnings. (took 2s.808ms)

