17:17:11 **** Incremental Build of configuration Debug for project KEYPAD_ROW_HAL ****
make -j4 all 
arm-none-eabi-gcc "../Core/Src/main.c" -mcpu=cortex-m4 -std=gnu11 -g3 -DDEBUG -DUSE_HAL_DRIVER -DSTM32F446xx -c -I../Core/Inc -I../Drivers/STM32F4xx_HAL_Driver/Inc -I../Drivers/STM32F4xx_HAL_Driver/Inc/Legacy -I../Drivers/CMSIS/Device/ST/STM32F4xx/Include -I../Drivers/CMSIS/Include -O0 -ffunction-sections -fdata-sections -Wall -fstack-usage -fcyclomatic-complexity -MMD -MP -MF"Core/Src/main.d" -MT"Core/Src/main.o" --specs=nano.specs -mfpu=fpv4-sp-d16 -mfloat-abi=hard -mthumb -o "Core/Src/main.o"
arm-none-eabi-gcc -o "KEYPAD_ROW_HAL.elf" @"objects.list"   -mcpu=cortex-m4 -T"C:\Users\GOLUM\STM32CubeIDE\workspace_1.16.1\KEYPAD_ROW_HAL\STM32F446RETX_FLASH.ld" --specs=nosys.specs -Wl,-Map="KEYPAD_ROW_HAL.map" -Wl,--gc-sections -static --specs=nano.specs -mfpu=fpv4-sp-d16 -mfloat-abi=hard -mthumb -Wl,--start-group -lc -lm -Wl,--end-group
Finished building target: KEYPAD_ROW_HAL.elf
 
arm-none-eabi-size  KEYPAD_ROW_HAL.elf 
arm-none-eabi-objdump -h -S KEYPAD_ROW_HAL.elf  > "KEYPAD_ROW_HAL.list"
   text	   data	    bss	    dec	    hex	filename
  11852	    104	   1976	  13932	   366c	KEYPAD_ROW_HAL.elf
Finished building: default.size.stdout
 
Finished building: KEYPAD_ROW_HAL.list
 

17:17:16 Build Finished. 0 errors, 0 warnings. (took 4s.791ms)

