17:01:16 **** Incremental Build of configuration Debug for project q3 ****
make -j4 all 
arm-none-eabi-gcc "../Core/Src/main.c" -mcpu=cortex-m4 -std=gnu11 -g3 -DDEBUG -DUSE_HAL_DRIVER -DSTM32F446xx -c -I../Core/Inc -I../Drivers/STM32F4xx_HAL_Driver/Inc -I../Drivers/STM32F4xx_HAL_Driver/Inc/Legacy -I../Drivers/CMSIS/Device/ST/STM32F4xx/Include -I../Drivers/CMSIS/Include -O0 -ffunction-sections -fdata-sections -Wall -fstack-usage -fcyclomatic-complexity -MMD -MP -MF"Core/Src/main.d" -MT"Core/Src/main.o" --specs=nano.specs -mfpu=fpv4-sp-d16 -mfloat-abi=hard -mthumb -o "Core/Src/main.o"
arm-none-eabi-gcc -o "q3.elf" @"objects.list"   -mcpu=cortex-m4 -T"C:\Users\GOLUM\STM32CubeIDE\workspace_1.16.1\i2c\q3\STM32F446RETX_FLASH.ld" --specs=nosys.specs -Wl,-Map="q3.map" -Wl,--gc-sections -static --specs=nano.specs -mfpu=fpv4-sp-d16 -mfloat-abi=hard -mthumb -Wl,--start-group -lc -lm -Wl,--end-group
Finished building target: q3.elf
 
arm-none-eabi-size  q3.elf 
arm-none-eabi-objdump -h -S q3.elf  > "q3.list"
   text	   data	    bss	    dec	    hex	filename
  16252	     92	   2084	  18428	   47fc	q3.elf
Finished building: default.size.stdout
 
Finished building: q3.list
 

17:01:23 Build Finished. 0 errors, 0 warnings. (took 6s.374ms)

