../Core/Src/main.c:58:6:LCD_command	16	static
../Core/Src/main.c:78:6:LCD_data	16	static
../Core/Src/main.c:92:6:LCD_init	8	static
../Core/Src/main.c:102:6:LCD_string	24	static
../Core/Src/main.c:113:6:HAL_UART_RxCpltCallback	16	static
../Core/Src/main.c:126:5:main	8	static
../Core/Src/main.c:177:6:SystemClock_Config	88	static
../Core/Src/main.c:225:13:MX_USART2_UART_Init	8	static
../Core/Src/main.c:258:13:MX_GPIO_Init	48	static
../Core/Src/main.c:321:6:Error_Handler	4	static,ignoring_inline_asm
