../Drivers/CMSIS/Include/core_cm4.h:2064:26:ITM_SendChar	16	static,ignoring_inline_asm
../Core/Src/main.c:22:5:_write	32	static
../Core/Src/main.c:79:6:HAL_TIM_PeriodElapsedCallback	16	static
../Core/Src/main.c:99:5:main	8	static
../Core/Src/main.c:146:6:SystemClock_Config	88	static
../Core/Src/main.c:194:13:MX_ADC1_Init	24	static
../Core/Src/main.c:246:13:MX_TIM2_Init	32	static
../Core/Src/main.c:291:13:MX_USART2_UART_Init	8	static
../Core/Src/main.c:324:13:MX_GPIO_Init	48	static
../Core/Src/main.c:364:6:Error_Handler	4	static,ignoring_inline_asm
