17:00:13 **** Incremental Build of configuration Debug for project ex6 reg level ****
make -j4 all 
arm-none-eabi-gcc "../Core/Src/main.c" -mcpu=cortex-m4 -std=gnu11 -g3 -DDEBUG -DUSE_HAL_DRIVER -DSTM32F446xx -c -I../Core/Inc -I../Drivers/STM32F4xx_HAL_Driver/Inc -I../Drivers/STM32F4xx_HAL_Driver/Inc/Legacy -I../Drivers/CMSIS/Device/ST/STM32F4xx/Include -I../Drivers/CMSIS/Include -O0 -ffunction-sections -fdata-sections -Wall -fstack-usage -fcyclomatic-complexity -MMD -MP -MF"Core/Src/main.d" -MT"Core/Src/main.o" --specs=nano.specs -mfpu=fpv4-sp-d16 -mfloat-abi=hard -mthumb -o "Core/Src/main.o"
arm-none-eabi-gcc -o "ex6 reg level.elf" @"objects.list"   -mcpu=cortex-m4 -T"C:\Users\GOLUM\STM32CubeIDE\workspace_1.16.1\timers\ex6 reg level\STM32F446RETX_FLASH.ld" --specs=nosys.specs -Wl,-Map="ex6 reg level.map" -Wl,--gc-sections -static --specs=nano.specs -mfpu=fpv4-sp-d16 -mfloat-abi=hard -mthumb -Wl,--start-group -lc -lm -Wl,--end-group
Finished building target: ex6 reg level.elf
 
arm-none-eabi-size  ex6\ reg\ level.elf 
arm-none-eabi-objdump -h -S ex6\ reg\ level.elf  > "ex6 reg level.list"
   text	   data	    bss	    dec	    hex	filename
   1264	      4	   1572	   2840	    b18	ex6 reg level.elf
Finished building: default.size.stdout
 
Finished building: ex6 reg level.list
 

17:00:16 Build Finished. 0 errors, 0 warnings. (took 2s.569ms)

