15:31:40 **** Incremental Build of configuration Debug for project timer interupt ****
make -j4 all 
arm-none-eabi-gcc "../Core/Src/main.c" -mcpu=cortex-m4 -std=gnu11 -g3 -DDEBUG -DUSE_HAL_DRIVER -DSTM32F446xx -c -I../Core/Inc -I../Drivers/STM32F4xx_HAL_Driver/Inc -I../Drivers/STM32F4xx_HAL_Driver/Inc/Legacy -I../Drivers/CMSIS/Device/ST/STM32F4xx/Include -I../Drivers/CMSIS/Include -O0 -ffunction-sections -fdata-sections -Wall -fstack-usage -fcyclomatic-complexity -MMD -MP -MF"Core/Src/main.d" -MT"Core/Src/main.o" --specs=nano.specs -mfpu=fpv4-sp-d16 -mfloat-abi=hard -mthumb -o "Core/Src/main.o"
arm-none-eabi-gcc -o "timer interupt.elf" @"objects.list"   -mcpu=cortex-m4 -T"C:\Users\GOLUM\STM32CubeIDE\workspace_1.16.1\timers\timer interupt\STM32F446RETX_FLASH.ld" --specs=nosys.specs -Wl,-Map="timer interupt.map" -Wl,--gc-sections -static --specs=nano.specs -mfpu=fpv4-sp-d16 -mfloat-abi=hard -mthumb -Wl,--start-group -lc -lm -Wl,--end-group
Finished building target: timer interupt.elf
 
arm-none-eabi-size  timer\ interupt.elf 
arm-none-eabi-objdump -h -S timer\ interupt.elf  > "timer interupt.list"
   text	   data	    bss	    dec	    hex	filename
  12560	     12	   1716	  14288	   37d0	timer interupt.elf
Finished building: default.size.stdout
 
Finished building: timer interupt.list
 

15:31:44 Build Finished. 0 errors, 0 warnings. (took 3s.658ms)

