16:06:14 **** Incremental Build of configuration Debug for project timer4 pwm ****
make -j4 all 
arm-none-eabi-gcc "../Core/Src/main.c" -mcpu=cortex-m4 -std=gnu11 -g3 -DDEBUG -DUSE_HAL_DRIVER -DSTM32F446xx -c -I../Core/Inc -I../Drivers/STM32F4xx_HAL_Driver/Inc -I../Drivers/STM32F4xx_HAL_Driver/Inc/Legacy -I../Drivers/CMSIS/Device/ST/STM32F4xx/Include -I../Drivers/CMSIS/Include -O0 -ffunction-sections -fdata-sections -Wall -fstack-usage -fcyclomatic-complexity -MMD -MP -MF"Core/Src/main.d" -MT"Core/Src/main.o" --specs=nano.specs -mfpu=fpv4-sp-d16 -mfloat-abi=hard -mthumb -o "Core/Src/main.o"
arm-none-eabi-gcc -o "timer4 pwm.elf" @"objects.list"   -mcpu=cortex-m4 -T"C:\Users\GOLUM\STM32CubeIDE\workspace_1.16.1\timers\timer4 pwm\STM32F446RETX_FLASH.ld" --specs=nosys.specs -Wl,-Map="timer4 pwm.map" -Wl,--gc-sections -static --specs=nano.specs -mfpu=fpv4-sp-d16 -mfloat-abi=hard -mthumb -Wl,--start-group -lc -lm -Wl,--end-group
Finished building target: timer4 pwm.elf
 
arm-none-eabi-size  timer4\ pwm.elf 
arm-none-eabi-objdump -h -S timer4\ pwm.elf  > "timer4 pwm.list"
   text	   data	    bss	    dec	    hex	filename
  13600	     12	   1788	  15400	   3c28	timer4 pwm.elf
Finished building: default.size.stdout
 
Finished building: timer4 pwm.list
 

16:06:17 Build Finished. 0 errors, 0 warnings. (took 2s.812ms)

